
Memory Configuration

Name             Origin             Length             Attributes
flash            0x08000000         0x00020000         xr
sram             0x20000000         0x00005000         xrw
*default*        0x00000000         0xffffffff

Linker script and memory map


.text           0x08000000      0x51c
 *(*.vectors*)
 .vectors       0x08000000       0x18 startup.o
                0x08000000                vectors_arr
 *(*.text*)
 .text          0x08000018       0xf4 ../Application_SWCs_Src/Alarm_Monitoring.o
                0x08000018                ST_AM_idle
                0x08000084                ST_AM_alarming
                0x080000dc                Alram_Write_Data
 .text          0x0800010c       0xc0 ../Application_SWCs_Src/HPressure_Avoidance.o
                0x0800010c                ST_HPA_idle
                0x08000168                ST_HPA_notifing
                0x080001ac                Pressure_write_data
 .text          0x080001cc       0x70 ../Application_SWCs_Src/main.o
                0x080001cc                setup
                0x0800020c                main
 .text          0x0800023c       0xbc ../Application_SWCs_Src/Pressure_Interfacing.o
                0x0800023c                ST_PressureRx
                0x080002b0                ST_PressureTx
 .text          0x080002f8      0x168 ../HW_AB_Src/driver.o
                0x080002f8                Delay
                0x0800031c                getPressureVal
                0x08000378                Set_Alarm_actuator
                0x080003c8                GPIO_INITIALIZATION
 .text          0x08000460       0xbc startup.o
                0x08000460                Bus_Fault_Handler
                0x08000460                H_Fault_Handler
                0x08000460                Usage_Fault_Handler
                0x08000460                Default_Handler
                0x08000460                NMI_Handler
                0x0800046c                Reset_Handler
 *(*.rodata*)
                0x0800051c                _E_text = .

.glue_7         0x0800051c        0x0
 .glue_7        0x00000000        0x0 linker stubs

.glue_7t        0x0800051c        0x0
 .glue_7t       0x00000000        0x0 linker stubs

.vfp11_veneer   0x0800051c        0x0
 .vfp11_veneer  0x00000000        0x0 linker stubs

.v4_bx          0x0800051c        0x0
 .v4_bx         0x00000000        0x0 linker stubs

.iplt           0x0800051c        0x0
 .iplt          0x00000000        0x0 ../Application_SWCs_Src/Alarm_Monitoring.o

.rel.dyn        0x0800051c        0x0
 .rel.iplt      0x00000000        0x0 ../Application_SWCs_Src/Alarm_Monitoring.o

.data           0x20000000        0x4 load address 0x0800051c
                0x20000000                _S_data = .
 *(*.data*)
 .data          0x20000000        0x0 ../Application_SWCs_Src/Alarm_Monitoring.o
 .data          0x20000000        0x0 ../Application_SWCs_Src/HPressure_Avoidance.o
 .data          0x20000000        0x0 ../Application_SWCs_Src/main.o
 .data          0x20000000        0x1 ../Application_SWCs_Src/Pressure_Interfacing.o
                0x20000000                pressure_value_is_updated
 .data          0x20000001        0x0 ../HW_AB_Src/driver.o
 .data          0x20000001        0x0 startup.o
                0x20000001                _E_data = .
                0x20000004                . = ALIGN (0x4)
 *fill*         0x20000001        0x3 

.igot.plt       0x20000004        0x0 load address 0x08000520
 .igot.plt      0x00000000        0x0 ../Application_SWCs_Src/Alarm_Monitoring.o

.bss            0x20000004     0x101c load address 0x08000520
                0x20000004                _S_bss = .
 *(*.bss*)
 .bss           0x20000004        0x8 ../Application_SWCs_Src/Alarm_Monitoring.o
                0x20000008                AM_state
 .bss           0x2000000c        0x8 ../Application_SWCs_Src/HPressure_Avoidance.o
                0x2000000c                pressure_current_value
                0x20000010                HPA_state
 .bss           0x20000014        0x0 ../Application_SWCs_Src/main.o
 .bss           0x20000014        0x8 ../Application_SWCs_Src/Pressure_Interfacing.o
                0x20000014                pressure_sensor_current_value
                0x20000018                PI_state
 .bss           0x2000001c        0x1 ../HW_AB_Src/driver.o
 .bss           0x2000001d        0x0 startup.o
                0x2000001d                _E_bss = .
                0x20000020                . = ALIGN (0x4)
 *fill*         0x2000001d        0x3 
                0x20001020                . = (. + 0x1000)
 *fill*         0x20000020     0x1000 
                0x20001020                stack_top = .
LOAD ../Application_SWCs_Src/Alarm_Monitoring.o
LOAD ../Application_SWCs_Src/HPressure_Avoidance.o
LOAD ../Application_SWCs_Src/main.o
LOAD ../Application_SWCs_Src/Pressure_Interfacing.o
LOAD ../HW_AB_Src/driver.o
LOAD startup.o
OUTPUT(Pressure_Controller.elf elf32-littlearm)

.debug_info     0x00000000      0x7d0
 .debug_info    0x00000000      0x178 ../Application_SWCs_Src/Alarm_Monitoring.o
 .debug_info    0x00000178      0x15a ../Application_SWCs_Src/HPressure_Avoidance.o
 .debug_info    0x000002d2       0xe5 ../Application_SWCs_Src/main.o
 .debug_info    0x000003b7      0x15d ../Application_SWCs_Src/Pressure_Interfacing.o
 .debug_info    0x00000514      0x13c ../HW_AB_Src/driver.o
 .debug_info    0x00000650      0x180 startup.o

.debug_abbrev   0x00000000      0x414
 .debug_abbrev  0x00000000       0xc0 ../Application_SWCs_Src/Alarm_Monitoring.o
 .debug_abbrev  0x000000c0       0xc0 ../Application_SWCs_Src/HPressure_Avoidance.o
 .debug_abbrev  0x00000180       0x79 ../Application_SWCs_Src/main.o
 .debug_abbrev  0x000001f9       0xad ../Application_SWCs_Src/Pressure_Interfacing.o
 .debug_abbrev  0x000002a6       0xb9 ../HW_AB_Src/driver.o
 .debug_abbrev  0x0000035f       0xb5 startup.o

.debug_loc      0x00000000      0x350
 .debug_loc     0x00000000       0xa8 ../Application_SWCs_Src/Alarm_Monitoring.o
 .debug_loc     0x000000a8       0xa8 ../Application_SWCs_Src/HPressure_Avoidance.o
 .debug_loc     0x00000150       0x58 ../Application_SWCs_Src/main.o
 .debug_loc     0x000001a8       0x70 ../Application_SWCs_Src/Pressure_Interfacing.o
 .debug_loc     0x00000218       0xd4 ../HW_AB_Src/driver.o
 .debug_loc     0x000002ec       0x64 startup.o

.debug_aranges  0x00000000       0xc0
 .debug_aranges
                0x00000000       0x20 ../Application_SWCs_Src/Alarm_Monitoring.o
 .debug_aranges
                0x00000020       0x20 ../Application_SWCs_Src/HPressure_Avoidance.o
 .debug_aranges
                0x00000040       0x20 ../Application_SWCs_Src/main.o
 .debug_aranges
                0x00000060       0x20 ../Application_SWCs_Src/Pressure_Interfacing.o
 .debug_aranges
                0x00000080       0x20 ../HW_AB_Src/driver.o
 .debug_aranges
                0x000000a0       0x20 startup.o

.debug_line     0x00000000      0x3cb
 .debug_line    0x00000000       0x97 ../Application_SWCs_Src/Alarm_Monitoring.o
 .debug_line    0x00000097       0x99 ../Application_SWCs_Src/HPressure_Avoidance.o
 .debug_line    0x00000130       0xb0 ../Application_SWCs_Src/main.o
 .debug_line    0x000001e0       0x99 ../Application_SWCs_Src/Pressure_Interfacing.o
 .debug_line    0x00000279       0xac ../HW_AB_Src/driver.o
 .debug_line    0x00000325       0xa6 startup.o

.debug_str      0x00000000      0x40d
 .debug_str     0x00000000      0x193 ../Application_SWCs_Src/Alarm_Monitoring.o
                                0x201 (size before relaxing)
 .debug_str     0x00000193       0xa2 ../Application_SWCs_Src/HPressure_Avoidance.o
                                0x1f8 (size before relaxing)
 .debug_str     0x00000235       0x33 ../Application_SWCs_Src/main.o
                                0x17d (size before relaxing)
 .debug_str     0x00000268       0x97 ../Application_SWCs_Src/Pressure_Interfacing.o
                                0x211 (size before relaxing)
 .debug_str     0x000002ff       0x78 ../HW_AB_Src/driver.o
                                0x1ad (size before relaxing)
 .debug_str     0x00000377       0x96 startup.o
                                0x1c8 (size before relaxing)

.comment        0x00000000       0x11
 .comment       0x00000000       0x11 ../Application_SWCs_Src/Alarm_Monitoring.o
                                 0x12 (size before relaxing)
 .comment       0x00000000       0x12 ../Application_SWCs_Src/HPressure_Avoidance.o
 .comment       0x00000000       0x12 ../Application_SWCs_Src/main.o
 .comment       0x00000000       0x12 ../Application_SWCs_Src/Pressure_Interfacing.o
 .comment       0x00000000       0x12 ../HW_AB_Src/driver.o
 .comment       0x00000000       0x12 startup.o

.ARM.attributes
                0x00000000       0x33
 .ARM.attributes
                0x00000000       0x33 ../Application_SWCs_Src/Alarm_Monitoring.o
 .ARM.attributes
                0x00000033       0x33 ../Application_SWCs_Src/HPressure_Avoidance.o
 .ARM.attributes
                0x00000066       0x33 ../Application_SWCs_Src/main.o
 .ARM.attributes
                0x00000099       0x33 ../Application_SWCs_Src/Pressure_Interfacing.o
 .ARM.attributes
                0x000000cc       0x33 ../HW_AB_Src/driver.o
 .ARM.attributes
                0x000000ff       0x33 startup.o

.debug_frame    0x00000000      0x230
 .debug_frame   0x00000000       0x68 ../Application_SWCs_Src/Alarm_Monitoring.o
 .debug_frame   0x00000068       0x68 ../Application_SWCs_Src/HPressure_Avoidance.o
 .debug_frame   0x000000d0       0x48 ../Application_SWCs_Src/main.o
 .debug_frame   0x00000118       0x50 ../Application_SWCs_Src/Pressure_Interfacing.o
 .debug_frame   0x00000168       0x7c ../HW_AB_Src/driver.o
 .debug_frame   0x000001e4       0x4c startup.o
