02:28:39 **** Build of configuration Debug for project GPIO_USAGE ****
make -j12 all 
arm-none-eabi-gcc -mcpu=cortex-m3 -g3 -c -x assembler-with-cpp -MMD -MP -MF"Startup/startup_stm32f103c6tx.d" -MT"Startup/startup_stm32f103c6tx.o" --specs=nano.specs -mfloat-abi=soft -mthumb -o "Startup/startup_stm32f103c6tx.o" "../Startup/startup_stm32f103c6tx.s"
arm-none-eabi-gcc "../Src/main.c" -mcpu=cortex-m3 -std=gnu11 -g3 -DSTM32 -DSTM32F1 -DSTM32F103C6Tx -DDEBUG -c -I../Inc -O0 -ffunction-sections -fdata-sections -Wall -fstack-usage -MMD -MP -MF"Src/main.d" -MT"Src/main.o" --specs=nano.specs -mfloat-abi=soft -mthumb -o "Src/main.o"
arm-none-eabi-gcc "../Src/syscalls.c" -mcpu=cortex-m3 -std=gnu11 -g3 -DSTM32 -DSTM32F1 -DSTM32F103C6Tx -DDEBUG -c -I../Inc -O0 -ffunction-sections -fdata-sections -Wall -fstack-usage -MMD -MP -MF"Src/syscalls.d" -MT"Src/syscalls.o" --specs=nano.specs -mfloat-abi=soft -mthumb -o "Src/syscalls.o"
arm-none-eabi-gcc "../Src/sysmem.c" -mcpu=cortex-m3 -std=gnu11 -g3 -DSTM32 -DSTM32F1 -DSTM32F103C6Tx -DDEBUG -c -I../Inc -O0 -ffunction-sections -fdata-sections -Wall -fstack-usage -MMD -MP -MF"Src/sysmem.d" -MT"Src/sysmem.o" --specs=nano.specs -mfloat-abi=soft -mthumb -o "Src/sysmem.o"
arm-none-eabi-gcc -o "GPIO_USAGE.elf" @"objects.list"   -mcpu=cortex-m3 -T"D:\Embedded_Materials\KS_Diploma\Unites_Vedios\28- GPIO\LAB\GPIO_USAGE\STM32F103C6TX_FLASH.ld" --specs=nosys.specs -Wl,-Map="GPIO_USAGE.map" -Wl,--gc-sections -static --specs=nano.specs -mfloat-abi=soft -mthumb -Wl,--start-group -lc -lm -Wl,--end-group
Finished building target: GPIO_USAGE.elf
 
arm-none-eabi-size   GPIO_USAGE.elf 
arm-none-eabi-objdump -h -S  GPIO_USAGE.elf  > "GPIO_USAGE.list"
   text	   data	    bss	    dec	    hex	filename
    780	      8	   1568	   2356	    934	GPIO_USAGE.elf
arm-none-eabi-objcopy  -O binary  GPIO_USAGE.elf  "GPIO_USAGE.bin"
Finished building: default.size.stdout
 
Finished building: GPIO_USAGE.list
 
Finished building: GPIO_USAGE.bin
 
03:04:31 **** Incremental Build of configuration Debug for project GPIO_USAGE ****
make -j12 all 
arm-none-eabi-gcc "../Src/main.c" -mcpu=cortex-m3 -std=gnu11 -g3 -DSTM32 -DSTM32F1 -DSTM32F103C6Tx -DDEBUG -c -I../Inc -O0 -ffunction-sections -fdata-sections -Wall -fstack-usage -MMD -MP -MF"Src/main.d" -MT"Src/main.o" --specs=nano.specs -mfloat-abi=soft -mthumb -o "Src/main.o"
arm-none-eabi-gcc -o "GPIO_USAGE.elf" @"objects.list"   -mcpu=cortex-m3 -T"D:\Embedded_Materials\KS_Diploma\Unites_Vedios\28- GPIO\LAB\GPIO_USAGE\STM32F103C6TX_FLASH.ld" --specs=nosys.specs -Wl,-Map="GPIO_USAGE.map" -Wl,--gc-sections -static --specs=nano.specs -mfloat-abi=soft -mthumb -Wl,--start-group -lc -lm -Wl,--end-group
Finished building target: GPIO_USAGE.elf
 
arm-none-eabi-objdump -h -S  GPIO_USAGE.elf  > "GPIO_USAGE.list"
arm-none-eabi-objcopy  -O binary  GPIO_USAGE.elf  "GPIO_USAGE.bin"
arm-none-eabi-size   GPIO_USAGE.elf 
   text	   data	    bss	    dec	    hex	filename
    868	      8	   1568	   2444	    98c	GPIO_USAGE.elf
Finished building: GPIO_USAGE.list
Finished building: GPIO_USAGE.bin
Finished building: default.size.stdout
 
 
 
03:09:23 **** Incremental Build of configuration Debug for project GPIO_USAGE ****
make -j12 all 
arm-none-eabi-gcc -gdwarf-2 -mcpu=cortex-m3 -g3 -c -x assembler-with-cpp -MMD -MP -MF"Startup/startup_stm32f103c6tx.d" -MT"Startup/startup_stm32f103c6tx.o" --specs=nano.specs -mfloat-abi=soft -mthumb -o "Startup/startup_stm32f103c6tx.o" "../Startup/startup_stm32f103c6tx.s"
arm-none-eabi-gcc -gdwarf-2 "../Src/main.c" -mcpu=cortex-m3 -std=gnu11 -g3 -DSTM32 -DSTM32F1 -DSTM32F103C6Tx -DDEBUG -c -I../Inc -O0 -ffunction-sections -fdata-sections -Wall -fstack-usage -MMD -MP -MF"Src/main.d" -MT"Src/main.o" --specs=nano.specs -mfloat-abi=soft -mthumb -o "Src/main.o"
arm-none-eabi-gcc -gdwarf-2 "../Src/syscalls.c" -mcpu=cortex-m3 -std=gnu11 -g3 -DSTM32 -DSTM32F1 -DSTM32F103C6Tx -DDEBUG -c -I../Inc -O0 -ffunction-sections -fdata-sections -Wall -fstack-usage -MMD -MP -MF"Src/syscalls.d" -MT"Src/syscalls.o" --specs=nano.specs -mfloat-abi=soft -mthumb -o "Src/syscalls.o"
arm-none-eabi-gcc -gdwarf-2 "../Src/sysmem.c" -mcpu=cortex-m3 -std=gnu11 -g3 -DSTM32 -DSTM32F1 -DSTM32F103C6Tx -DDEBUG -c -I../Inc -O0 -ffunction-sections -fdata-sections -Wall -fstack-usage -MMD -MP -MF"Src/sysmem.d" -MT"Src/sysmem.o" --specs=nano.specs -mfloat-abi=soft -mthumb -o "Src/sysmem.o"
arm-none-eabi-gcc -gdwarf-2 -o "GPIO_USAGE.elf" @"objects.list"   -mcpu=cortex-m3 -T"D:\Embedded_Materials\KS_Diploma\Unites_Vedios\28- GPIO\LAB\GPIO_USAGE\STM32F103C6TX_FLASH.ld" --specs=nosys.specs -Wl,-Map="GPIO_USAGE.map" -Wl,--gc-sections -static --specs=nano.specs -mfloat-abi=soft -mthumb -Wl,--start-group -lc -lm -Wl,--end-group
Finished building target: GPIO_USAGE.elf
 
arm-none-eabi-objdump -h -S  GPIO_USAGE.elf  > "GPIO_USAGE.list"
arm-none-eabi-objcopy  -O binary  GPIO_USAGE.elf  "GPIO_USAGE.bin"
arm-none-eabi-size   GPIO_USAGE.elf 
   text	   data	    bss	    dec	    hex	filename
    868	      8	   1568	   2444	    98c	GPIO_USAGE.elf
Finished building: GPIO_USAGE.list
Finished building: GPIO_USAGE.bin
Finished building: default.size.stdout
 
 
 
